192.168.0.4 - - [08/Sep/2012:11:25:23 +0200] "GET /temps/3IF3.html HTTP/1.1" 200 21548 "http://intranet-if.insa-lyon.fr/temps/3IF2.html" "Mozilla/5.0 (Windows NT 6.1; WOW64) AppleWebKit/537.1 (KHTML, like Gecko) Chrome/21.0.1180.89 Safari/537.1"
192.168.0.4 - - [08/Sep/2012:11:25:25 +0200] "GET /temps/3IF4.html HTTP/1.1" 200 18304 "http://intranet-if.insa-lyon.fr/temps/3IF3.html" "Mozilla/5.0 (Windows NT 6.1; WOW64) AppleWebKit/537.1 (KHTML, like Gecko) Chrome/21.0.1180.89 Safari/537.1"
192.168.0.4 - - [08/Sep/2012:11:25:37 +0200] "GET /temps/3IF5.html HTTP/1.1" 200 22176 "http://intranet-if.insa-lyon.fr/temps/3IF4.html" "Mozilla/5.0 (Windows NT 6.1; WOW64) AppleWebKit/537.1 (KHTML, like Gecko) Chrome/21.0.1180.89 Safari/537.1"
192.168.0.4 - - [08/Sep/2012:11:25:23 +0200] "GET /temps/3IF3.html HTTP/1.1" 200 21548 "http://intranet-if.insa-lyon.fr/temps/3IF2.html" "Mozilla/5.0 (Windows NT 6.1; WOW64) AppleWebKit/537.1 (KHTML, like Gecko) Chrome/21.0.1180.89 Safari/537.1"
192.168.0.4 - - [08/Sep/2012:11:25:23 +0200] "GET /temps/3IF3.html HTTP/1.1" 200 21548 "http://intranet-if.insa-lyon.fr/temps/3IF2.html" "Mozilla/5.0 (Windows NT 6.1; WOW64) AppleWebKit/537.1 (KHTML, like Gecko) Chrome/21.0.1180.89 Safari/537.1"
192.168.0.4 - - [08/Sep/2012:11:25:25 +0200] "GET /temps/3IF4.html HTTP/1.1" 200 18304 "http://intranet-if.insa-lyon.fr/temps/3IF3.html" "Mozilla/5.0 (Windows NT 6.1; WOW64) AppleWebKit/537.1 (KHTML, like Gecko) Chrome/21.0.1180.89 Safari/537.1"
192.168.0.4 - - [08/Sep/2012:11:25:23 +0200] "GET /temps/3IF3.html HTTP/1.1" 200 21548 "http://intranet-if.insa-lyon.fr/temps/3IF2.html" "Mozilla/5.0 (Windows NT 6.1; WOW64) AppleWebKit/537.1 (KHTML, like Gecko) Chrome/21.0.1180.89 Safari/537.1"
192.168.0.2 - - [08/Sep/2012:11:16:51 +0200] "GET /temps/style_emploi_du_temps.css HTTP/1.1" 200 1216 "http://intranet-if.insa-lyon.fr/temps/" "Mozilla/5.0 (Windows NT 6.1; WOW64; rv:15.0) Gecko/20100101 Firefox/15.0.1"
192.168.0.2 - - [08/Sep/2012:11:16:51 +0200] "GET /temps/InsaIF.ico HTTP/1.1" 200 766 "-" "Mozilla/5.0 (Windows NT 6.1; WOW64; rv:15.0) Gecko/20100101 Firefox/15.0.1"
192.168.0.2 - - [08/Sep/2012:11:16:51 +0200] "GET /temps/FondInsa.jpg HTTP/1.1" 200 2828 "http://intranet-if.insa-lyon.fr/temps/style_emploi_du_temps.css" "Mozilla/5.0 (Windows NT 6.1; WOW64; rv:15.0) Gecko/20100101 Firefox/15.0.1"
192.168.0.4 - - [08/Sep/2012:11:25:23 +0200] "GET /temps/3IF3.html HTTP/1.1" 200 21548 "http://intranet-if.insa-lyon.fr/temps/3IF2.html" "Mozilla/5.0 (Windows NT 6.1; WOW64) AppleWebKit/537.1 (KHTML, like Gecko) Chrome/21.0.1180.89 Safari/537.1"
192.168.0.4 - - [08/Sep/2012:11:27:17 +0200] "GET /temps/3IF17.html HTTP/1.1" 200 5189 "http://intranet-if.insa-lyon.fr/temps/3IF16.html" "Mozilla/5.0 (Windows NT 6.1; WOW64) AppleWebKit/537.1 (KHTML, like Gecko) Chrome/21.0.1180.89 Safari/537.1"
192.168.0.6 - - [08/Sep/2012:11:20:22 +0200] "GET /temps/3IF37.html HTTP/1.1" 200 17269 "http://intranet-if.insa-lyon.fr/temps/" "Mozilla/5.0 (Linux; U; Android 4.0.4; fr-fr; Galaxy Nexus Build/IMM76L; CyanogenMod-9.0.0) AppleWebKit/534.30 (KHTML, like Gecko) Version/4.0 Mobile Safari/534.30"
192.168.0.6 - - [08/Sep/2012:11:20:23 +0200] "GET /temps/choix.gif HTTP/1.1" 200 2836 "http://intranet-if.insa-lyon.fr/temps/3IF37.html" "Mozilla/5.0 (Linux; U; Android 4.0.4; fr-fr; Galaxy Nexus Build/IMM76L; CyanogenMod-9.0.0) AppleWebKit/534.30 (KHTML, like Gecko) Version/4.0 Mobile Safari/534.30"
192.168.0.6 - - [08/Sep/2012:11:20:23 +0200] "GET /temps/suivant.gif HTTP/1.1" 200 1634 "http://intranet-if.insa-lyon.fr/temps/3IF37.html" "Mozilla/5.0 (Linux; U; Android 4.0.4; fr-fr; Galaxy Nexus Build/IMM76L; CyanogenMod-9.0.0) AppleWebKit/534.30 (KHTML, like Gecko) Version/4.0 Mobile Safari/534.30"
192.168.11.182 - - [25/Sep/2012:10:38:13 +0200] "GET /temps/ HTTP/1.1" 200 6835 "http://intranet-if.insa-lyon.fr/SiteWebIF/Intranet-etudiant.php" "Mozilla/5.0 (Windows; U; Windows NT 6.1; fr; rv:1.9.1.7) Gecko/20091221 Firefox/3.5.7"
192.168.11.182 - - [25/Sep/2012:10:38:13 +0200] "GET /temps/style_emploi_du_temps.css HTTP/1.1" 200 1216 "http://intranet-if.insa-lyon.fr/temps/" "Mozilla/5.0 (Windows; U; Windows NT 6.1; fr; rv:1.9.1.7) Gecko/20091221 Firefox/3.5.7"
192.168.11.182 - - [25/Sep/2012:10:38:13 +0200] "GET /temps/InsaIF.ico HTTP/1.1" 200 766 "-" "Mozilla/5.0 (Windows; U; Windows NT 6.1; fr; rv:1.9.1.7) Gecko/20091221 Firefox/3.5.7"
192.168.11.182 - - [25/Sep/2012:10:38:13 +0200] "GET /temps/FondInsa.jpg HTTP/1.1" 200 2828 "http://intranet-if.insa-lyon.fr/temps/style_emploi_du_temps.css" "Mozilla/5.0 (Windows; U; Windows NT 6.1; fr; rv:1.9.1.7) Gecko/20091221 Firefox/3.5.7"
192.168.11.184 - - [25/Sep/2012:10:38:15 +0200] "GET /SiteWebIF/Intranet-etudiant.php HTTP/1.1" 302 477 "http://if.insa-lyon.fr/" "Mozilla/5.0 (Windows NT 6.1) AppleWebKit/537.1 (KHTML, like Gecko) Chrome/21.0.1180.89 Safari/537.1"
192.168.11.184 - - [25/Sep/2012:10:38:15 +0200] "GET /SiteWebIF/Intranet-etudiant.php?ticket=ST-91309-5R0QqhLpriOfbuepO3Mx-dsi-vm04 HTTP/1.1" 302 - "http://if.insa-lyon.fr/" "Mozilla/5.0 (Windows NT 6.1) AppleWebKit/537.1 (KHTML, like Gecko) Chrome/21.0.1180.89 Safari/537.1"
192.168.11.184 - - [25/Sep/2012:10:38:15 +0200] "GET /SiteWebIF/Intranet-etudiant.php HTTP/1.1" 200 3798 "http://if.insa-lyon.fr/" "Mozilla/5.0 (Windows NT 6.1) AppleWebKit/537.1 (KHTML, like Gecko) Chrome/21.0.1180.89 Safari/537.1"
192.168.11.184 - - [25/Sep/2012:10:38:15 +0200] "GET /stages/InsaIF.ico HTTP/1.1" 200 766 "-" "Mozilla/5.0 (Windows NT 6.1) AppleWebKit/537.1 (KHTML, like Gecko) Chrome/21.0.1180.89 Safari/537.1"
192.168.11.184 - - [25/Sep/2012:10:38:24 +0200] "GET /temps/4IF39.html HTTP/1.1" 304 - "http://intranet-if.insa-lyon.fr/temps/" "Mozilla/5.0 (Windows NT 6.1) AppleWebKit/537.1 (KHTML, like Gecko) Chrome/21.0.1180.89 Safari/537.1"
192.168.11.182 - - [25/Sep/2012:10:38:34 +0200] "GET /temps/3IF39.html HTTP/1.1" 200 22693 "http://intranet-if.insa-lyon.fr/temps/" "Mozilla/5.0 (Windows; U; Windows NT 6.1; fr; rv:1.9.1.7) Gecko/20091221 Firefox/3.5.7"
192.168.11.182 - - [25/Sep/2012:10:38:34 +0200] "GET /temps/choix.gif HTTP/1.1" 200 2836 "http://intranet-if.insa-lyon.fr/temps/3IF39.html" "Mozilla/5.0 (Windows; U; Windows NT 6.1; fr; rv:1.9.1.7) Gecko/20091221 Firefox/3.5.7"
192.168.11.197 - - [25/Sep/2012:11:47:46 +0200] "GET /temps/InsaIF.ico HTTP/1.1" 200 766 "-" "Mozilla/5.0 (Windows NT 6.0; rv:10.0.1) Gecko/20100101 Firefox/10.0.1"
192.168.11.197 - - [25/Sep/2012:11:47:46 +0200] "GET /temps/FondInsa.jpg HTTP/1.1" 200 2828 "http://intranet-if.insa-lyon.fr/temps/style_emploi_du_temps.css" "Mozilla/5.0 (Windows NT 6.0; rv:10.0.1) Gecko/20100101 Firefox/10.0.1"
192.168.11.197 - - [25/Sep/2012:11:47:50 +0200] "GET /temps/4IF39.html HTTP/1.1" 200 16669 "http://intranet-if.insa-lyon.fr/temps/" "Mozilla/5.0 (Windows NT 6.0; rv:10.0.1) Gecko/20100101 Firefox/10.0.1"
192.168.11.197 - - [25/Sep/2012:11:47:50 +0200] "GET /temps/precedent.gif HTTP/1.1" 200 1906 "http://intranet-if.insa-lyon.fr/temps/4IF39.html" "Mozilla/5.0 (Windows NT 6.0; rv:10.0.1) Gecko/20100101 Firefox/10.0.1"
192.168.11.197 - - [25/Sep/2012:11:47:50 +0200] "GET /temps/choix.gif HTTP/1.1" 200 2836 "http://intranet-if.insa-lyon.fr/temps/4IF39.html" "Mozilla/5.0 (Windows NT 6.0; rv:10.0.1) Gecko/20100101 Firefox/10.0.1"
192.168.11.197 - - [25/Sep/2012:11:47:50 +0200] "GET /temps/suivant.gif HTTP/1.1" 200 1634 "http://intranet-if.insa-lyon.fr/temps/4IF39.html" "Mozilla/5.0 (Windows NT 6.0; rv:10.0.1) Gecko/20100101 Firefox/10.0.1"
192.168.6.174 - - [25/Sep/2012:11:49:12 +0200] "GET /temps/3IF3.ics HTTP/1.1" 304 - "-" "iOS/6.0 (10A403) dataaccessd/1.0"
192.168.1.84 - - [25/Sep/2012:11:50:23 +0200] "GET /temps/GO.ics HTTP/1.1" 200 10971 "-" "iCal/1395.7 CFNetwork/454.12.4 Darwin/10.8.0 (i386) (MacBookPro5%2C2)"
192.168.2.107 - - [25/Sep/2012:11:51:08 +0200] "GET /temps/3IF3.ics HTTP/1.1" 304 - "-" "iOS/6.0 (10A403) dataaccessd/1.0"
192.168.3.98 - - [25/Sep/2012:11:51:18 +0200] "GET /notesif/RSS/RSS_4IF.xml HTTP/1.1" 200 57760 "-" "Feedfetcher-Google; (+http://www.google.com/feedfetcher.html; 1 subscribers; feed-id=16457623470660127987)"
192.168.3.80 - - [25/Sep/2012:11:51:25 +0200] "GET /temps/5IF45.html HTTP/1.1" 304 - "http://intranet-if.insa-lyon.fr/temps/5IF44.html" "Mozilla/5.0 (Macintosh; Intel Mac OS X 10_8_2) AppleWebKit/537.1 (KHTML, like Gecko) Chrome/21.0.1180.89 Safari/537.1"
192.168.6.231 - - [25/Sep/2012:11:51:25 +0200] "GET /temps/5IF.ics HTTP/1.1" 304 - "-" "DataAccess/1.0 (8J2)"
192.168.3.80 - - [25/Sep/2012:11:53:01 +0200] "GET /temps/5IF48.html HTTP/1.1" 200 18963 "http://intranet-if.insa-lyon.fr/temps/5IF47.html" "Mozilla/5.0 (Macintosh; Intel Mac OS X 10_8_2) AppleWebKit/537.1 (KHTML, like Gecko) Chrome/21.0.1180.89 Safari/537.1"
192.168.11.156 - - [25/Sep/2012:11:53:10 +0200] "GET /temps/4IF39.html HTTP/1.1" 200 16669 "-" "Mozilla/5.0 (Windows NT 6.1; WOW64) AppleWebKit/537.1 (KHTML, like Gecko) Chrome/21.0.1180.89 Safari/537.1"
192.168.3.80 - - [25/Sep/2012:11:53:17 +0200] "GET /temps/5IF49.html HTTP/1.1" 200 21913 "http://intranet-if.insa-lyon.fr/temps/5IF48.html" "Mozilla/5.0 (Macintosh; Intel Mac OS X 10_8_2) AppleWebKit/537.1 (KHTML, like Gecko) Chrome/21.0.1180.89 Safari/537.1"
192.168.3.80 - - [25/Sep/2012:11:53:31 +0200] "GET /temps/5IF50.html HTTP/1.1" 200 12268 "http://intranet-if.insa-lyon.fr/temps/5IF49.html" "Mozilla/5.0 (Macintosh; Intel Mac OS X 10_8_2) AppleWebKit/537.1 (KHTML, like Gecko) Chrome/21.0.1180.89 Safari/537.1"
192.168.11.182 - - [25/Sep/2012:10:38:34 +0200] "GET /temps/suivant.gif HTTP/1.1" 200 1634 "http://intranet-if.insa-lyon.fr/temps/3IF39.html" "Mozilla/5.0 (Windows; U; Windows NT 6.1; fr; rv:1.9.1.7) Gecko/20091221 Firefox/3.5.7"
192.168.11.182 - - [25/Sep/2012:10:38:34 +0200] "GET /temps/precedent.gif HTTP/1.1" 200 1906 "http://intranet-if.insa-lyon.fr/temps/3IF39.html" "Mozilla/5.0 (Windows; U; Windows NT 6.1; fr; rv:1.9.1.7) Gecko/20091221 Firefox/3.5.7"
192.168.11.184 - - [25/Sep/2012:10:38:48 +0200] "GET /temps/4IF40.html HTTP/1.1" 304 - "http://intranet-if.insa-lyon.fr/temps/4IF39.html" "Mozilla/5.0 (Windows NT 6.1) AppleWebKit/537.1 (KHTML, like Gecko) Chrome/21.0.1180.89 Safari/537.1"
192.168.11.184 - - [25/Sep/2012:10:38:57 +0200] "GET /temps/4IF41.html HTTP/1.1" 304 - "http://intranet-if.insa-lyon.fr/temps/4IF40.html" "Mozilla/5.0 (Windows NT 6.1) AppleWebKit/537.1 (KHTML, like Gecko) Chrome/21.0.1180.89 Safari/537.1"
192.168.11.184 - - [25/Sep/2012:10:39:02 +0200] "GET /temps/4IF42.html HTTP/1.1" 304 - "http://intranet-if.insa-lyon.fr/temps/4IF41.html" "Mozilla/5.0 (Windows NT 6.1) AppleWebKit/537.1 (KHTML, like Gecko) Chrome/21.0.1180.89 Safari/537.1"
192.168.0.4 - - [08/Sep/2012:11:25:25 +0200] "GET /temps/3IF4.html HTTP/1.1" 200 18304 "http://intranet-if.insa-lyon.fr/temps/3IF3.html" "Mozilla/5.0 (Windows NT 6.1; WOW64) AppleWebKit/537.1 (KHTML, like Gecko) Chrome/21.0.1180.89 Safari/537.1"
192.168.0.3 - - [08/Sep/2012:11:20:17 +0200] "GET /temps/index.html HTTP/1.1" 200 6835 "http://intranet-if.insa-lyon.fr/temps/3IF39.html" "Mozilla/5.0 (Linux; U; Android 2.3.7; fr_fr; Nexus One Build/FRF91) AppleWebKit/533.1 (KHTML, like Gecko) Version/4.0 Mobile Safari/533.1"
192.168.0.6 - - [08/Sep/2012:11:20:23 +0200] "GET /temps/precedent.gif HTTP/1.1" 200 1906 "http://intranet-if.insa-lyon.fr/temps/3IF37.html" "Mozilla/5.0 (Linux; U; Android 4.0.4; fr-fr; Galaxy Nexus Build/IMM76L; CyanogenMod-9.0.0) AppleWebKit/534.30 (KHTML, like Gecko) Version/4.0 Mobile Safari/534.30"
192.168.0.4 - - [08/Sep/2012:11:25:47 +0200] "GET /temps/3IF6.html HTTP/1.1" 200 22777 "http://intranet-if.insa-lyon.fr/temps/3IF5.html" "Mozilla/5.0 (Windows NT 6.1; WOW64) AppleWebKit/537.1 (KHTML, like Gecko) Chrome/21.0.1180.89 Safari/537.1"
192.168.0.4 - - [08/Sep/2012:11:25:37 +0200] "GET /temps/3IF5.html HTTP/1.1" 200 22176 "http://intranet-if.insa-lyon.fr/temps/3IF4.html" "Mozilla/5.0 (Windows NT 6.1; WOW64) AppleWebKit/537.1 (KHTML, like Gecko) Chrome/21.0.1180.89 Safari/537.1"
192.168.0.4 - - [08/Sep/2012:11:27:17 +0200] "GET /temps/3IF17.html HTTP/1.1" 200 5189 "http://intranet-if.insa-lyon.fr/temps/3IF16.html" "Mozilla/5.0 (Windows NT 6.1; WOW64) AppleWebKit/537.1 (KHTML, like Gecko) Chrome/21.0.1180.89 Safari/537.1"
192.168.0.2 - - [08/Sep/2012:11:17:11 +0200] "GET /temps/choix.gif HTTP/1.1" 200 2836 "http://intranet-if.insa-lyon.fr/temps/3IF37.html" "Mozilla/5.0 (Windows NT 6.1; WOW64; rv:15.0) Gecko/20100101 Firefox/15.0.1"
192.168.0.2 - - [08/Sep/2012:11:17:11 +0200] "GET /temps/suivant.gif HTTP/1.1" 200 1634 "http://intranet-if.insa-lyon.fr/temps/3IF37.html" "Mozilla/5.0 (Windows NT 6.1; WOW64; rv:15.0) Gecko/20100101 Firefox/15.0.1"
192.168.0.4 - - [08/Sep/2012:11:25:58 +0200] "GET /temps/3IF7.html HTTP/1.1" 200 21809 "http://intranet-if.insa-lyon.fr/temps/3IF6.html" "Mozilla/5.0 (Windows NT 6.1; WOW64) AppleWebKit/537.1 (KHTML, like Gecko) Chrome/21.0.1180.89 Safari/537.1"
192.168.0.4 - - [08/Sep/2012:11:26:03 +0200] "GET /temps/3IF8.html HTTP/1.1" 200 21781 "http://intranet-if.insa-lyon.fr/temps/3IF7.html" "Mozilla/5.0 (Windows NT 6.1; WOW64) AppleWebKit/537.1 (KHTML, like Gecko) Chrome/21.0.1180.89 Safari/537.1"
192.168.0.4 - - [08/Sep/2012:11:26:08 +0200] "GET /temps/3IF9.html HTTP/1.1" 200 5196 "http://intranet-if.insa-lyon.fr/temps/3IF8.html" "Mozilla/5.0 (Windows NT 6.1; WOW64) AppleWebKit/537.1 (KHTML, like Gecko) Chrome/21.0.1180.89 Safari/537.1"
192.168.0.4 - - [08/Sep/2012:11:27:18 +0200] "GET /temps/3IF18.html HTTP/1.1" 200 5192 "http://intranet-if.insa-lyon.fr/temps/3IF17.html" "Mozilla/5.0 (Windows NT 6.1; WOW64) AppleWebKit/537.1 (KHTML, like Gecko) Chrome/21.0.1180.89 Safari/537.1"